Archive member included to satisfy reference by file (symbol)

c:/program files (x86)/atollic/truestudio for stm32 9.3.0/armtools/bin/../lib/gcc/arm-atollic-eabi/6.3.1/../../../../arm-atollic-eabi/lib/armv7-m\libc_nano.a(lib_a-errno.o)
                              Core\Src\syscalls.o (__errno)
c:/program files (x86)/atollic/truestudio for stm32 9.3.0/armtools/bin/../lib/gcc/arm-atollic-eabi/6.3.1/../../../../arm-atollic-eabi/lib/armv7-m\libc_nano.a(lib_a-impure.o)
                              c:/program files (x86)/atollic/truestudio for stm32 9.3.0/armtools/bin/../lib/gcc/arm-atollic-eabi/6.3.1/../../../../arm-atollic-eabi/lib/armv7-m\libc_nano.a(lib_a-errno.o) (_impure_ptr)
c:/program files (x86)/atollic/truestudio for stm32 9.3.0/armtools/bin/../lib/gcc/arm-atollic-eabi/6.3.1/../../../../arm-atollic-eabi/lib/armv7-m\libc_nano.a(lib_a-init.o)
                              startup\startup_stm32f103xb.o (__libc_init_array)
c:/program files (x86)/atollic/truestudio for stm32 9.3.0/armtools/bin/../lib/gcc/arm-atollic-eabi/6.3.1/../../../../arm-atollic-eabi/lib/armv7-m\libc_nano.a(lib_a-memcpy-stub.o)
                              Core\Src\MY_NRF24.o (memcpy)
c:/program files (x86)/atollic/truestudio for stm32 9.3.0/armtools/bin/../lib/gcc/arm-atollic-eabi/6.3.1/../../../../arm-atollic-eabi/lib/armv7-m\libc_nano.a(lib_a-memset.o)
                              Core\Src\main.o (memset)
c:/program files (x86)/atollic/truestudio for stm32 9.3.0/armtools/bin/../lib/gcc/arm-atollic-eabi/6.3.1/../../../../arm-atollic-eabi/lib/armv7-m\libc_nano.a(lib_a-sprintf.o)
                              Core\Src\MY_NRF24.o (sprintf)
c:/program files (x86)/atollic/truestudio for stm32 9.3.0/armtools/bin/../lib/gcc/arm-atollic-eabi/6.3.1/../../../../arm-atollic-eabi/lib/armv7-m\libc_nano.a(lib_a-strlen.o)
                              Core\Src\MY_NRF24.o (strlen)
c:/program files (x86)/atollic/truestudio for stm32 9.3.0/armtools/bin/../lib/gcc/arm-atollic-eabi/6.3.1/../../../../arm-atollic-eabi/lib/armv7-m\libc_nano.a(lib_a-nano-svfprintf.o)
                              c:/program files (x86)/atollic/truestudio for stm32 9.3.0/armtools/bin/../lib/gcc/arm-atollic-eabi/6.3.1/../../../../arm-atollic-eabi/lib/armv7-m\libc_nano.a(lib_a-sprintf.o) (_svfprintf_r)
c:/program files (x86)/atollic/truestudio for stm32 9.3.0/armtools/bin/../lib/gcc/arm-atollic-eabi/6.3.1/../../../../arm-atollic-eabi/lib/armv7-m\libc_nano.a(lib_a-nano-vfprintf_i.o)
                              c:/program files (x86)/atollic/truestudio for stm32 9.3.0/armtools/bin/../lib/gcc/arm-atollic-eabi/6.3.1/../../../../arm-atollic-eabi/lib/armv7-m\libc_nano.a(lib_a-nano-svfprintf.o) (_printf_i)
c:/program files (x86)/atollic/truestudio for stm32 9.3.0/armtools/bin/../lib/gcc/arm-atollic-eabi/6.3.1/../../../../arm-atollic-eabi/lib/armv7-m\libc_nano.a(lib_a-memchr-stub.o)
                              c:/program files (x86)/atollic/truestudio for stm32 9.3.0/armtools/bin/../lib/gcc/arm-atollic-eabi/6.3.1/../../../../arm-atollic-eabi/lib/armv7-m\libc_nano.a(lib_a-nano-svfprintf.o) (memchr)
c:/program files (x86)/atollic/truestudio for stm32 9.3.0/armtools/bin/../lib/gcc/arm-atollic-eabi/6.3.1/../../../../arm-atollic-eabi/lib/armv7-m\libc_nano.a(lib_a-memmove.o)
                              c:/program files (x86)/atollic/truestudio for stm32 9.3.0/armtools/bin/../lib/gcc/arm-atollic-eabi/6.3.1/../../../../arm-atollic-eabi/lib/armv7-m\libc_nano.a(lib_a-nano-svfprintf.o) (memmove)
c:/program files (x86)/atollic/truestudio for stm32 9.3.0/armtools/bin/../lib/gcc/arm-atollic-eabi/6.3.1/../../../../arm-atollic-eabi/lib/armv7-m\libc_nano.a(lib_a-nano-freer.o)
                              c:/program files (x86)/atollic/truestudio for stm32 9.3.0/armtools/bin/../lib/gcc/arm-atollic-eabi/6.3.1/../../../../arm-atollic-eabi/lib/armv7-m\libc_nano.a(lib_a-nano-svfprintf.o) (_free_r)
c:/program files (x86)/atollic/truestudio for stm32 9.3.0/armtools/bin/../lib/gcc/arm-atollic-eabi/6.3.1/../../../../arm-atollic-eabi/lib/armv7-m\libc_nano.a(lib_a-nano-mallocr.o)
                              c:/program files (x86)/atollic/truestudio for stm32 9.3.0/armtools/bin/../lib/gcc/arm-atollic-eabi/6.3.1/../../../../arm-atollic-eabi/lib/armv7-m\libc_nano.a(lib_a-nano-svfprintf.o) (_malloc_r)
c:/program files (x86)/atollic/truestudio for stm32 9.3.0/armtools/bin/../lib/gcc/arm-atollic-eabi/6.3.1/../../../../arm-atollic-eabi/lib/armv7-m\libc_nano.a(lib_a-nano-reallocr.o)
                              c:/program files (x86)/atollic/truestudio for stm32 9.3.0/armtools/bin/../lib/gcc/arm-atollic-eabi/6.3.1/../../../../arm-atollic-eabi/lib/armv7-m\libc_nano.a(lib_a-nano-svfprintf.o) (_realloc_r)
c:/program files (x86)/atollic/truestudio for stm32 9.3.0/armtools/bin/../lib/gcc/arm-atollic-eabi/6.3.1/../../../../arm-atollic-eabi/lib/armv7-m\libc_nano.a(lib_a-sbrkr.o)
[...]
Memory Configuration

Name             Origin             Length             Attributes
RAM              0x20000000         0x00005000         xrw
FLASH            0x08000000         0x00010000         xr
*default*        0x00000000         0xffffffff

Linker script and memory map

LOAD c:/program files (x86)/atollic/truestudio for stm32 9.3.0/armtools/bin/../lib/gcc/arm-atollic-eabi/6.3.1/armv7-m/crti.o
LOAD c:/program files (x86)/atollic/truestudio for stm32 9.3.0/armtools/bin/../lib/gcc/arm-atollic-eabi/6.3.1/armv7-m/crtbegin.o
LOAD Core\Src\MY_NRF24.o
LOAD Core\Src\main.o
LOAD Core\Src\stm32f1xx_hal_msp.o
LOAD Core\Src\stm32f1xx_it.o
LOAD Core\Src\syscalls.o
LOAD Core\Src\system_stm32f1xx.o
LOAD Drivers\STM32F1xx_HAL_Driver\Src\stm32f1xx_hal.o
LOAD Drivers\STM32F1xx_HAL_Driver\Src\stm32f1xx_hal_cortex.o
LOAD Drivers\STM32F1xx_HAL_Driver\Src\stm32f1xx_hal_dma.o
LOAD Drivers\STM32F1xx_HAL_Driver\Src\stm32f1xx_hal_exti.o
LOAD Drivers\STM32F1xx_HAL_Driver\Src\stm32f1xx_hal_flash.o
LOAD Drivers\STM32F1xx_HAL_Driver\Src\stm32f1xx_hal_flash_ex.o
LOAD Drivers\STM32F1xx_HAL_Driver\Src\stm32f1xx_hal_gpio.o
LOAD Drivers\STM32F1xx_HAL_Driver\Src\stm32f1xx_hal_gpio_ex.o
LOAD Drivers\STM32F1xx_HAL_Driver\Src\stm32f1xx_hal_pwr.o
LOAD Drivers\STM32F1xx_HAL_Driver\Src\stm32f1xx_hal_rcc.o
LOAD Drivers\STM32F1xx_HAL_Driver\Src\stm32f1xx_hal_rcc_ex.o
LOAD Drivers\STM32F1xx_HAL_Driver\Src\stm32f1xx_hal_spi.o
LOAD Drivers\STM32F1xx_HAL_Driver\Src\stm32f1xx_hal_tim.o
LOAD Drivers\STM32F1xx_HAL_Driver\Src\stm32f1xx_hal_tim_ex.o
LOAD Drivers\STM32F1xx_HAL_Driver\Src\stm32f1xx_hal_uart.o
LOAD startup\startup_stm32f103xb.o
                0x00000080                malloc_getpagesize_P = 0x80
START GROUP
LOAD c:/program files (x86)/atollic/truestudio for stm32 9.3.0/armtools/bin/../lib/gcc/arm-atollic-eabi/6.3.1/../../../../arm-atollic-eabi/lib/armv7-m\libc_nano.a
LOAD c:/program files (x86)/atollic/truestudio for stm32 9.3.0/armtools/bin/../lib/gcc/arm-atollic-eabi/6.3.1/../../../../arm-atollic-eabi/lib/armv7-m\libm.a
END GROUP
START GROUP
LOAD c:/program files (x86)/atollic/truestudio for stm32 9.3.0/armtools/bin/../lib/gcc/arm-atollic-eabi/6.3.1/armv7-m\libgcc.a
LOAD c:/program files (x86)/atollic/truestudio for stm32 9.3.0/armtools/bin/../lib/gcc/arm-atollic-eabi/6.3.1/../../../../arm-atollic-eabi/lib/armv7-m\libc_nano.a
END GROUP
START GROUP
LOAD c:/program files (x86)/atollic/truestudio for stm32 9.3.0/armtools/bin/../lib/gcc/arm-atollic-eabi/6.3.1/armv7-m\libgcc.a
LOAD c:/program files (x86)/atollic/truestudio for stm32 9.3.0/armtools/bin/../lib/gcc/arm-atollic-eabi/6.3.1/../../../../arm-atollic-eabi/lib/armv7-m\libc_nano.a
LOAD c:/program files (x86)/atollic/truestudio for stm32 9.3.0/armtools/bin/../lib/gcc/arm-atollic-eabi/6.3.1/../../../../arm-atollic-eabi/lib/armv7-m\libnosys.a
END GROUP
START GROUP
LOAD c:/program files (x86)/atollic/truestudio for stm32 9.3.0/armtools/bin/../lib/gcc/arm-atollic-eabi/6.3.1/armv7-m\libgcc.a
LOAD c:/program files (x86)/atollic/truestudio for stm32 9.3.0/armtools/bin/../lib/gcc/arm-atollic-eabi/6.3.1/../../../../arm-atollic-eabi/lib/armv7-m\libc_nano.a
LOAD c:/program files (x86)/atollic/truestudio for stm32 9.3.0/armtools/bin/../lib/gcc/arm-atollic-eabi/6.3.1/../../../../arm-atollic-eabi/lib/armv7-m\libnosys.a
END GROUP
LOAD c:/program files (x86)/atollic/truestudio for stm32 9.3.0/armtools/bin/../lib/gcc/arm-atollic-eabi/6.3.1/armv7-m/crtend.o
LOAD c:/program files (x86)/atollic/truestudio for stm32 9.3.0/armtools/bin/../lib/gcc/arm-atollic-eabi/6.3.1/armv7-m/crtn.o
                0x20005000                _estack = 0x20005000
                0x00000200                _Min_Heap_Size = 0x200
                0x00000400                _Min_Stack_Size = 0x400

.isr_vector     0x08000000      0x10c
                0x08000000                . = ALIGN (0x4)
 *(.isr_vector)
 .isr_vector    0x08000000      0x10c startup\startup_stm32f103xb.o
                0x08000000                g_pfnVectors
                0x0800010c                . = ALIGN (0x4)

.text           0x0800010c     0x3e88
                0x0800010c                . = ALIGN (0x4)
 *(.text)
 .text          0x0800010c       0x40 c:/program files (x86)/atollic/truestudio for stm32 9.3.0/armtools/bin/../lib/gcc/arm-atollic-eabi/6.3.1/armv7-m/crtbegin.o
 .text          0x0800014c       0x10 c:/program files (x86)/atollic/truestudio for stm32 9.3.0/armtools/bin/../lib/gcc/arm-atollic-eabi/6.3.1/../../../../arm-atollic-eabi/lib/armv7-m\libc_nano.a(lib_a-strlen.o)
                0x0800014c                strlen
 *(.text*)
 .text.NRF24_DelayMicroSeconds
                0x0800015c       0x40 Core\Src\MY_NRF24.o
                0x0800015c                NRF24_DelayMicroSeconds
 .text.NRF24_csn
                0x0800019c       0x40 Core\Src\MY_NRF24.o
                0x0800019c                NRF24_csn
 .text.NRF24_ce
                0x080001dc       0x40 Core\Src\MY_NRF24.o
                0x080001dc                NRF24_ce
 .text.NRF24_read_register
                0x0800021c       0x50 Core\Src\MY_NRF24.o
                0x0800021c                NRF24_read_register
 .text.NRF24_read_registerN
                0x0800026c       0x50 Core\Src\MY_NRF24.o
                0x0800026c                NRF24_read_registerN
 .text.NRF24_write_register
                0x080002bc       0x44 Core\Src\MY_NRF24.o
                0x080002bc                NRF24_write_register
 .text.NRF24_write_registerN
                0x08000300       0x50 Core\Src\MY_NRF24.o
                0x08000300                NRF24_write_registerN
 .text.NRF24_write_payload
                0x08000350       0x44 Core\Src\MY_NRF24.o
                0x08000350                NRF24_write_payload
 .text.NRF24_flush_tx
                0x08000394       0x10 Core\Src\MY_NRF24.o
                0x08000394                NRF24_flush_tx
 .text.NRF24_flush_rx
                0x080003a4       0x10 Core\Src\MY_NRF24.o
                0x080003a4                NRF24_flush_rx
 .text.NRF24_get_status
                0x080003b4       0x1a Core\Src\MY_NRF24.o
                0x080003b4                NRF24_get_status
 *fill*         0x080003ce        0x2 
 .text.NRF24_begin
                0x080003d0      0x1c0 Core\Src\MY_NRF24.o
                0x080003d0                NRF24_begin
 .text.NRF24_stopListening
                0x08000590       0x16 Core\Src\MY_NRF24.o
                0x08000590                NRF24_stopListening
 *fill*         0x080005a6        0x2 
 .text.NRF24_write
                0x080005a8       0xa0 Core\Src\MY_NRF24.o
                0x080005a8                NRF24_write
 .text.NRF24_available
                0x08000648       0x10 Core\Src\MY_NRF24.o
                0x08000648                NRF24_available
 .text.NRF24_openWritingPipe
                0x08000658       0x48 Core\Src\MY_NRF24.o
                0x08000658                NRF24_openWritingPipe
 .text.NRF24_setRetries
                0x080006a0       0x36 Core\Src\MY_NRF24.o
                0x080006a0                NRF24_setRetries
 .text.NRF24_setChannel
                0x080006d6       0x2a Core\Src\MY_NRF24.o
                0x080006d6                NRF24_setChannel
 .text.NRF24_setPayloadSize
                0x08000700       0x2c Core\Src\MY_NRF24.o
                0x08000700                NRF24_setPayloadSize
 .text.NRF24_getDynamicPayloadSize
                0x0800072c       0x10 Core\Src\MY_NRF24.o
                0x0800072c                NRF24_getDynamicPayloadSize
 .text.NRF24_disableDynamicPayloads
                0x0800073c       0x30 Core\Src\MY_NRF24.o
                0x0800073c                NRF24_disableDynamicPayloads
 .text.NRF24_setAutoAck
                0x0800076c       0x2a Core\Src\MY_NRF24.o
                0x0800076c                NRF24_setAutoAck
 .text.NRF24_setPALevel
                0x08000796       0x72 Core\Src\MY_NRF24.o
                0x08000796                NRF24_setPALevel
 .text.NRF24_setDataRate
                0x08000808       0x8c Core\Src\MY_NRF24.o
                0x08000808                NRF24_setDataRate
 .text.NRF24_setCRCLength
                0x08000894       0x50 Core\Src\MY_NRF24.o
                0x08000894                NRF24_setCRCLength
 .text.NRF24_powerDown
                0x080008e4       0x1e Core\Src\MY_NRF24.o
                0x080008e4                NRF24_powerDown
 .text.NRF24_availablePipe
                0x08000902       0x60 Core\Src\MY_NRF24.o
                0x08000902                NRF24_availablePipe
 .text.NRF24_startWrite
                0x08000962       0x5e Core\Src\MY_NRF24.o
                0x08000962                NRF24_startWrite
 .text.NRF24_whatHappened
                0x080009c0       0x66 Core\Src\MY_NRF24.o
                0x080009c0                NRF24_whatHappened
 .text.NRF24_resetStatus
                0x08000a26       0x10 Core\Src\MY_NRF24.o
                0x08000a26                NRF24_resetStatus
 *fill*         0x08000a36        0x2 
 .text.NRF24_ACTIVATE_cmd
                0x08000a38       0x34 Core\Src\MY_NRF24.o
                0x08000a38                NRF24_ACTIVATE_cmd
 .text.printRadioSettings
                0x08000a6c      0x924 Core\Src\MY_NRF24.o
                0x08000a6c                printRadioSettings
 .text.printStatusReg
                0x08001390      0x104 Core\Src\MY_NRF24.o
                0x08001390                printStatusReg
 .text.printConfigReg
                0x08001494       0xc0 Core\Src\MY_NRF24.o
                0x08001494                printConfigReg
 .text.nrf24_DebugUART_Init
                0x08001554       0x38 Core\Src\MY_NRF24.o
                0x08001554                nrf24_DebugUART_Init
 .text.main     0x0800158c       0xbc Core\Src\main.o
                0x0800158c                main
 .text.SystemClock_Config
                0x08001648       0x82 Core\Src\main.o
                0x08001648                SystemClock_Config
 *fill*         0x080016ca        0x2 
 .text.MX_SPI2_Init
                0x080016cc       0x6c Core\Src\main.o
 .text.MX_USART2_UART_Init
                0x08001738       0x54 Core\Src\main.o
 .text.MX_GPIO_Init
                0x0800178c       0x80 Core\Src\main.o
 .text.Error_Handler
                0x0800180c        0x8 Core\Src\main.o
                0x0800180c                Error_Handler
 .text.HAL_MspInit
                0x08001814       0x64 Core\Src\stm32f1xx_hal_msp.o
                0x08001814                HAL_MspInit
 .text.HAL_SPI_MspInit
                0x08001878       0x98 Core\Src\stm32f1xx_hal_msp.o
                0x08001878                HAL_SPI_MspInit
 .text.HAL_UART_MspInit
                0x08001910       0x94 Core\Src\stm32f1xx_hal_msp.o
                0x08001910                HAL_UART_MspInit
 .text.NMI_Handler
                0x080019a4        0x6 Core\Src\stm32f1xx_it.o
                0x080019a4                NMI_Handler
 .text.HardFault_Handler
                0x080019aa        0x6 Core\Src\stm32f1xx_it.o
                0x080019aa                HardFault_Handler
 .text.MemManage_Handler
                0x080019b0        0x6 Core\Src\stm32f1xx_it.o
                0x080019b0                MemManage_Handler
 .text.BusFault_Handler
                0x080019b6        0x6 Core\Src\stm32f1xx_it.o
                0x080019b6                BusFault_Handler
 .text.UsageFault_Handler
                0x080019bc        0x6 Core\Src\stm32f1xx_it.o
                0x080019bc                UsageFault_Handler
 .text.SVC_Handler
                0x080019c2        0xc Core\Src\stm32f1xx_it.o
                0x080019c2                SVC_Handler
 .text.DebugMon_Handler
                0x080019ce        0xc Core\Src\stm32f1xx_it.o
                0x080019ce                DebugMon_Handler
 .text.PendSV_Handler
                0x080019da        0xc Core\Src\stm32f1xx_it.o
                0x080019da                PendSV_Handler
 .text.SysTick_Handler
                0x080019e6        0xc Core\Src\stm32f1xx_it.o
                0x080019e6                SysTick_Handler
 *fill*         0x080019f2        0x2 
 .text._sbrk    0x080019f4       0x58 Core\Src\syscalls.o
                0x080019f4                _sbrk
 .text.SystemInit
                0x08001a4c        0xc Core\Src\system_stm32f1xx.o
                0x08001a4c                SystemInit
 .text.HAL_Init
                0x08001a58       0x2c Drivers\STM32F1xx_HAL_Driver\Src\stm32f1xx_hal.o
                0x08001a58                HAL_Init
 .text.HAL_InitTick
                0x08001a84       0x60 Drivers\STM32F1xx_HAL_Driver\Src\stm32f1xx_hal.o
                0x08001a84                HAL_InitTick
 .text.HAL_IncTick
                0x08001ae4       0x24 Drivers\STM32F1xx_HAL_Driver\Src\stm32f1xx_hal.o
                0x08001ae4                HAL_IncTick
 .text.HAL_GetTick
                0x08001b08       0x14 Drivers\STM32F1xx_HAL_Driver\Src\stm32f1xx_hal.o
                0x08001b08                HAL_GetTick
 .text.HAL_Delay
                0x08001b1c       0x44 Drivers\STM32F1xx_HAL_Driver\Src\stm32f1xx_hal.o
                0x08001b1c                HAL_Delay
 .text.__NVIC_SetPriorityGrouping
                0x08001b60       0x48 Drivers\STM32F1xx_HAL_Driver\Src\stm32f1xx_hal_cortex.o
 .text.__NVIC_GetPriorityGrouping
                0x08001ba8       0x1c Drivers\STM32F1xx_HAL_Driver\Src\stm32f1xx_hal_cortex.o
 .text.__NVIC_SetPriority
                0x08001bc4       0x54 Drivers\STM32F1xx_HAL_Driver\Src\stm32f1xx_hal_cortex.o
 .text.NVIC_EncodePriority
                0x08001c18       0x60 Drivers\STM32F1xx_HAL_Driver\Src\stm32f1xx_hal_cortex.o
 .text.SysTick_Config
                0x08001c78       0x44 Drivers\STM32F1xx_HAL_Driver\Src\stm32f1xx_hal_cortex.o
 .text.HAL_NVIC_SetPriorityGrouping
                0x08001cbc       0x16 Drivers\STM32F1xx_HAL_Driver\Src\stm32f1xx_hal_cortex.o
                0x08001cbc                HAL_NVIC_SetPriorityGrouping
 .text.HAL_NVIC_SetPriority
                0x08001cd2       0x38 Drivers\STM32F1xx_HAL_Driver\Src\stm32f1xx_hal_cortex.o
                0x08001cd2                HAL_NVIC_SetPriority
 .text.HAL_SYSTICK_Config
                0x08001d0a       0x18 Drivers\STM32F1xx_HAL_Driver\Src\stm32f1xx_hal_cortex.o
                0x08001d0a                HAL_SYSTICK_Config
 *fill*         0x08001d22        0x2 
 .text.HAL_GPIO_Init
                0x08001d24      0x2b4 Drivers\STM32F1xx_HAL_Driver\Src\stm32f1xx_hal_gpio.o
                0x08001d24                HAL_GPIO_Init
 .text.HAL_GPIO_WritePin
                0x08001fd8       0x30 Drivers\STM32F1xx_HAL_Driver\Src\stm32f1xx_hal_gpio.o
                0x08001fd8                HAL_GPIO_WritePin
 .text.HAL_RCC_OscConfig
                0x08002008      0x500 Drivers\STM32F1xx_HAL_Driver\Src\stm32f1xx_hal_rcc.o
                0x08002008                HAL_RCC_OscConfig
 .text.HAL_RCC_ClockConfig
                0x08002508      0x1d4 Drivers\STM32F1xx_HAL_Driver\Src\stm32f1xx_hal_rcc.o
                0x08002508                HAL_RCC_ClockConfig
 .text.HAL_RCC_GetSysClockFreq
                0x080026dc       0xc4 Drivers\STM32F1xx_HAL_Driver\Src\stm32f1xx_hal_rcc.o
                0x080026dc                HAL_RCC_GetSysClockFreq
 .text.HAL_RCC_GetHCLKFreq
                0x080027a0       0x14 Drivers\STM32F1xx_HAL_Driver\Src\stm32f1xx_hal_rcc.o
                0x080027a0                HAL_RCC_GetHCLKFreq
 .text.HAL_RCC_GetPCLK1Freq
                0x080027b4       0x28 Drivers\STM32F1xx_HAL_Driver\Src\stm32f1xx_hal_rcc.o
                0x080027b4                HAL_RCC_GetPCLK1Freq
 .text.HAL_RCC_GetPCLK2Freq
                0x080027dc       0x28 Drivers\STM32F1xx_HAL_Driver\Src\stm32f1xx_hal_rcc.o
                0x080027dc                HAL_RCC_GetPCLK2Freq
 .text.RCC_Delay
                0x08002804       0x3c Drivers\STM32F1xx_HAL_Driver\Src\stm32f1xx_hal_rcc.o
 .text.HAL_SPI_Init
                0x08002840      0x106 Drivers\STM32F1xx_HAL_Driver\Src\stm32f1xx_hal_spi.o
                0x08002840                HAL_SPI_Init
 .text.HAL_SPI_Transmit
                0x08002946      0x274 Drivers\STM32F1xx_HAL_Driver\Src\stm32f1xx_hal_spi.o
                0x08002946                HAL_SPI_Transmit
 .text.HAL_SPI_Receive
                0x08002bba      0x21c Drivers\STM32F1xx_HAL_Driver\Src\stm32f1xx_hal_spi.o
                0x08002bba                HAL_SPI_Receive
 .text.HAL_SPI_TransmitReceive
                0x08002dd6      0x340 Drivers\STM32F1xx_HAL_Driver\Src\stm32f1xx_hal_spi.o
                0x08002dd6                HAL_SPI_TransmitReceive
 *fill*         0x08003116        0x2 
 .text.SPI_WaitFlagStateUntilTimeout
                0x08003118      0x110 Drivers\STM32F1xx_HAL_Driver\Src\stm32f1xx_hal_spi.o
 .text.SPI_EndRxTransaction
                0x08003228       0xa4 Drivers\STM32F1xx_HAL_Driver\Src\stm32f1xx_hal_spi.o
 .text.SPI_EndRxTxTransaction
                0x080032cc       0x3c Drivers\STM32F1xx_HAL_Driver\Src\stm32f1xx_hal_spi.o
 .text.HAL_UART_Init
                0x08003308       0x9a Drivers\STM32F1xx_HAL_Driver\Src\stm32f1xx_hal_uart.o
                0x08003308                HAL_UART_Init
 .text.HAL_UART_Transmit
                0x080033a2      0x122 Drivers\STM32F1xx_HAL_Driver\Src\stm32f1xx_hal_uart.o
                0x080033a2                HAL_UART_Transmit
 .text.UART_WaitOnFlagUntilTimeout
                0x080034c4       0x94 Drivers\STM32F1xx_HAL_Driver\Src\stm32f1xx_hal_uart.o
 .text.UART_SetConfig
                0x08003558      0x11c Drivers\STM32F1xx_HAL_Driver\Src\stm32f1xx_hal_uart.o
 .text.Reset_Handler
                0x08003674       0x48 startup\startup_stm32f103xb.o
                0x08003674                Reset_Handler
 .text.Default_Handler
                0x080036bc        0x2 startup\startup_stm32f103xb.o
                0x080036bc                RTC_Alarm_IRQHandler
                0x080036bc                EXTI2_IRQHandler
                0x080036bc                TIM1_CC_IRQHandler
                0x080036bc                PVD_IRQHandler
                0x080036bc                EXTI3_IRQHandler
                0x080036bc                EXTI0_IRQHandler
                0x080036bc                I2C2_EV_IRQHandler
                0x080036bc                ADC1_2_IRQHandler
                0x080036bc                SPI1_IRQHandler
                0x080036bc                TAMPER_IRQHandler
                0x080036bc                DMA1_Channel4_IRQHandler
                0x080036bc                USART3_IRQHandler
                0x080036bc                RTC_IRQHandler
                0x080036bc                DMA1_Channel7_IRQHandler
                0x080036bc                CAN1_RX1_IRQHandler
                0x080036bc                TIM4_IRQHandler
                0x080036bc                I2C1_EV_IRQHandler
                0x080036bc                DMA1_Channel6_IRQHandler
                0x080036bc                TIM3_IRQHandler
                0x080036bc                RCC_IRQHandler
                0x080036bc                TIM1_TRG_COM_IRQHandler
                0x080036bc                DMA1_Channel1_IRQHandler
                0x080036bc                Default_Handler
                0x080036bc                EXTI15_10_IRQHandler
                0x080036bc                EXTI9_5_IRQHandler
                0x080036bc                SPI2_IRQHandler
                0x080036bc                DMA1_Channel5_IRQHandler
                0x080036bc                EXTI4_IRQHandler
                0x080036bc                USB_LP_CAN1_RX0_IRQHandler
                0x080036bc                USB_HP_CAN1_TX_IRQHandler
                0x080036bc                DMA1_Channel3_IRQHandler
                0x080036bc                TIM1_UP_IRQHandler
                0x080036bc                WWDG_IRQHandler
                0x080036bc                TIM2_IRQHandler
                0x080036bc                TIM1_BRK_IRQHandler
                0x080036bc                EXTI1_IRQHandler
                0x080036bc                USART2_IRQHandler
                0x080036bc                I2C2_ER_IRQHandler
                0x080036bc                DMA1_Channel2_IRQHandler
                0x080036bc                CAN1_SCE_IRQHandler
                0x080036bc                FLASH_IRQHandler
                0x080036bc                USART1_IRQHandler
                0x080036bc                I2C1_ER_IRQHandler
                0x080036bc                USBWakeUp_IRQHandler
 *fill*         0x080036be        0x2 
 .text.__errno  0x080036c0        0xc c:/program files (x86)/atollic/truestudio for stm32 9.3.0/armtools/bin/../lib/gcc/arm-atollic-eabi/6.3.1/../../../../arm-atollic-eabi/lib/armv7-m\libc_nano.a(lib_a-errno.o)
                0x080036c0                __errno
 .text.__libc_init_array
                0x080036cc       0x48 c:/program files (x86)/atollic/truestudio for stm32 9.3.0/armtools/bin/../lib/gcc/arm-atollic-eabi/6.3.1/../../../../arm-atollic-eabi/lib/armv7-m\libc_nano.a(lib_a-init.o)
                0x080036cc                __libc_init_array
 .text.memcpy   0x08003714       0x16 c:/program files (x86)/atollic/truestudio for stm32 9.3.0/armtools/bin/../lib/gcc/arm-atollic-eabi/6.3.1/../../../../arm-atollic-eabi/lib/armv7-m\libc_nano.a(lib_a-memcpy-stub.o)
                0x08003714                memcpy
 .text.memset   0x0800372a       0x10 c:/program files (x86)/atollic/truestudio for stm32 9.3.0/armtools/bin/../lib/gcc/arm-atollic-eabi/6.3.1/../../../../arm-atollic-eabi/lib/armv7-m\libc_nano.a(lib_a-memset.o)
                0x0800372a                memset
 *fill*         0x0800373a        0x2 
 .text.sprintf  0x0800373c       0x48 c:/program files (x86)/atollic/truestudio for stm32 9.3.0/armtools/bin/../lib/gcc/arm-atollic-eabi/6.3.1/../../../../arm-atollic-eabi/lib/armv7-m\libc_nano.a(lib_a-sprintf.o)
                0x0800373c                siprintf
                0x0800373c                sprintf
 .text.__ssputs_r
                0x08003784       0xb6 c:/program files (x86)/atollic/truestudio for stm32 9.3.0/armtools/bin/../lib/gcc/arm-atollic-eabi/6.3.1/../../../../arm-atollic-eabi/lib/armv7-m\libc_nano.a(lib_a-nano-svfprintf.o)
                0x08003784                __ssputs_r
 *fill*         0x0800383a        0x2 
 .text._svfprintf_r
                0x0800383c      0x1e8 c:/program files (x86)/atollic/truestudio for stm32 9.3.0/armtools/bin/../lib/gcc/arm-atollic-eabi/6.3.1/../../../../arm-atollic-eabi/lib/armv7-m\libc_nano.a(lib_a-nano-svfprintf.o)
                0x0800383c                _svfiprintf_r
                0x0800383c                _svfprintf_r
 .text._printf_common
                0x08003a24       0xee c:/program files (x86)/atollic/truestudio for stm32 9.3.0/armtools/bin/../lib/gcc/arm-atollic-eabi/6.3.1/../../../../arm-atollic-eabi/lib/armv7-m\libc_nano.a(lib_a-nano-vfprintf_i.o)
                0x08003a24                _printf_common
 *fill*         0x08003b12        0x2 
 .text._printf_i
                0x08003b14      0x240 c:/program files (x86)/atollic/truestudio for stm32 9.3.0/armtools/bin/../lib/gcc/arm-atollic-eabi/6.3.1/../../../../arm-atollic-eabi/lib/armv7-m\libc_nano.a(lib_a-nano-vfprintf_i.o)
                0x08003b14                _printf_i
 .text.memchr   0x08003d54       0x1c c:/program files (x86)/atollic/truestudio for stm32 9.3.0/armtools/bin/../lib/gcc/arm-atollic-eabi/6.3.1/../../../../arm-atollic-eabi/lib/armv7-m\libc_nano.a(lib_a-memchr-stub.o)
                0x08003d54                memchr
 .text.memmove  0x08003d70       0x34 c:/program files (x86)/atollic/truestudio for stm32 9.3.0/armtools/bin/../lib/gcc/arm-atollic-eabi/6.3.1/../../../../arm-atollic-eabi/lib/armv7-m\libc_nano.a(lib_a-memmove.o)
                0x08003d70                memmove
 .text._free_r  0x08003da4       0x98 c:/program files (x86)/atollic/truestudio for stm32 9.3.0/armtools/bin/../lib/gcc/arm-atollic-eabi/6.3.1/../../../../arm-atollic-eabi/lib/armv7-m\libc_nano.a(lib_a-nano-freer.o)
                0x08003da4                _free_r
 .text._malloc_r
                0x08003e3c       0xbc c:/program files (x86)/atollic/truestudio for stm32 9.3.0/armtools/bin/../lib/gcc/arm-atollic-eabi/6.3.1/../../../../arm-atollic-eabi/lib/armv7-m\libc_nano.a(lib_a-nano-mallocr.o)
                0x08003e3c                _malloc_r
 .text._realloc_r
                0x08003ef8       0x4c c:/program files (x86)/atollic/truestudio for stm32 9.3.0/armtools/bin/../lib/gcc/arm-atollic-eabi/6.3.1/../../../../arm-atollic-eabi/lib/armv7-m\libc_nano.a(lib_a-nano-reallocr.o)
                0x08003ef8                _realloc_r
 .text._sbrk_r  0x08003f44       0x20 c:/program files (x86)/atollic/truestudio for stm32 9.3.0/armtools/bin/../lib/gcc/arm-atollic-eabi/6.3.1/../../../../arm-atollic-eabi/lib/armv7-m\libc_nano.a(lib_a-sbrkr.o)
                0x08003f44                _sbrk_r
 .text.__malloc_lock
                0x08003f64        0x2 c:/program files (x86)/atollic/truestudio for stm32 9.3.0/armtools/bin/../lib/gcc/arm-atollic-eabi/6.3.1/../../../../arm-atollic-eabi/lib/armv7-m\libc_nano.a(lib_a-mlock.o)
                0x08003f64                __malloc_lock
 .text.__malloc_unlock
                0x08003f66        0x2 c:/program files (x86)/atollic/truestudio for stm32 9.3.0/armtools/bin/../lib/gcc/arm-atollic-eabi/6.3.1/../../../../arm-atollic-eabi/lib/armv7-m\libc_nano.a(lib_a-mlock.o)
                0x08003f66                __malloc_unlock
 .text._malloc_usable_size_r
                0x08003f68       0x12 c:/program files (x86)/atollic/truestudio for stm32 9.3.0/armtools/bin/../lib/gcc/arm-atollic-eabi/6.3.1/../../../../arm-atollic-eabi/lib/armv7-m\libc_nano.a(lib_a-nano-msizer.o)
                0x08003f68                _malloc_usable_size_r
 *(.glue_7)
 .glue_7        0x08003f7a        0x0 linker stubs
 *(.glue_7t)
 .glue_7t       0x08003f7a        0x0 linker stubs
 *(.eh_frame)
 *fill*         0x08003f7a        0x2 
 .eh_frame      0x08003f7c        0x0 c:/program files (x86)/atollic/truestudio for stm32 9.3.0/armtools/bin/../lib/gcc/arm-atollic-eabi/6.3.1/armv7-m/crtbegin.o
 *(.init)
 .init          0x08003f7c        0x4 c:/program files (x86)/atollic/truestudio for stm32 9.3.0/armtools/bin/../lib/gcc/arm-atollic-eabi/6.3.1/armv7-m/crti.o
                0x08003f7c                _init
 .init          0x08003f80        0x8 c:/program files (x86)/atollic/truestudio for stm32 9.3.0/armtools/bin/../lib/gcc/arm-atollic-eabi/6.3.1/armv7-m/crtn.o
 *(.fini)
 .fini          0x08003f88        0x4 c:/program files (x86)/atollic/truestudio for stm32 9.3.0/armtools/bin/../lib/gcc/arm-atollic-eabi/6.3.1/armv7-m/crti.o
                0x08003f88                _fini
 .fini          0x08003f8c        0x8 c:/program files (x86)/atollic/truestudio for stm32 9.3.0/armtools/bin/../lib/gcc/arm-atollic-eabi/6.3.1/armv7-m/crtn.o
                0x08003f94                . = ALIGN (0x4)
                0x08003f94                _etext = .

.vfp11_veneer   0x08003f94        0x0
 .vfp11_veneer  0x08003f94        0x0 linker stubs

.v4_bx          0x08003f94        0x0
 .v4_bx         0x08003f94        0x0 linker stubs

.iplt           0x08003f94        0x0
 .iplt          0x08003f94        0x0 c:/program files (x86)/atollic/truestudio for stm32 9.3.0/armtools/bin/../lib/gcc/arm-atollic-eabi/6.3.1/armv7-m/crtbegin.o

.rodata         0x08003f94      0x5c0
                0x08003f94                . = ALIGN (0x4)
 *(.rodata)
 .rodata        0x08003f94      0x541 Core\Src\MY_NRF24.o
 *fill*         0x080044d5        0x3 
 .rodata        0x080044d8       0x1b Core\Src\main.o
 *fill*         0x080044f3        0x1 
 .rodata        0x080044f4       0x12 Drivers\STM32F1xx_HAL_Driver\Src\stm32f1xx_hal_rcc.o
 *(.rodata*)
 *fill*         0x08004506        0x2 
 .rodata.AHBPrescTable
                0x08004508       0x10 Core\Src\system_stm32f1xx.o
                0x08004508                AHBPrescTable
 .rodata.APBPrescTable
                0x08004518        0x8 Core\Src\system_stm32f1xx.o
                0x08004518                APBPrescTable
 .rodata._svfprintf_r.str1.1
                0x08004520       0x11 c:/program files (x86)/atollic/truestudio for stm32 9.3.0/armtools/bin/../lib/gcc/arm-atollic-eabi/6.3.1/../../../../arm-atollic-eabi/lib/armv7-m\libc_nano.a(lib_a-nano-svfprintf.o)
 .rodata._printf_i.str1.1
                0x08004531       0x22 c:/program files (x86)/atollic/truestudio for stm32 9.3.0/armtools/bin/../lib/gcc/arm-atollic-eabi/6.3.1/../../../../arm-atollic-eabi/lib/armv7-m\libc_nano.a(lib_a-nano-vfprintf_i.o)
                0x08004554                . = ALIGN (0x4)
 *fill*         0x08004553        0x1 

.rel.dyn        0x08004554        0x0
 .rel.iplt      0x08004554        0x0 c:/program files (x86)/atollic/truestudio for stm32 9.3.0/armtools/bin/../lib/gcc/arm-atollic-eabi/6.3.1/armv7-m/crtbegin.o

.ARM.extab
 *(.ARM.extab* .gnu.linkonce.armextab.*)

.ARM            0x08004554        0x0
                0x08004554                __exidx_start = .
 *(.ARM.exidx*)
                0x08004554                __exidx_end = .

.preinit_array  0x08004554        0x0
                0x08004554                PROVIDE (__preinit_array_start, .)
 *(.preinit_array*)
                0x08004554                PROVIDE (__preinit_array_end, .)

.init_array     0x08004554        0x4
                0x08004554                PROVIDE (__init_array_start, .)
 *(SORT(.init_array.*))
 *(.init_array*)
 .init_array    0x08004554        0x4 c:/program files (x86)/atollic/truestudio for stm32 9.3.0/armtools/bin/../lib/gcc/arm-atollic-eabi/6.3.1/armv7-m/crtbegin.o
                0x08004558                PROVIDE (__init_array_end, .)

.fini_array     0x08004558        0x4
                [!provide]                PROVIDE (__fini_array_start, .)
 *(SORT(.fini_array.*))
 *(.fini_array*)
 .fini_array    0x08004558        0x4 c:/program files (x86)/atollic/truestudio for stm32 9.3.0/armtools/bin/../lib/gcc/arm-atollic-eabi/6.3.1/armv7-m/crtbegin.o
                [!provide]                PROVIDE (__fini_array_end, .)
                0x0800455c                _sidata = LOADADDR (.data)

.data           0x20000000       0x98 load address 0x0800455c
                0x20000000                . = ALIGN (0x4)
                0x20000000                _sdata = .
 *(.data)
 *(.data*)
 .data.TxpipeAddrs
                0x20000000        0x8 Core\Src\main.o
                0x20000000                TxpipeAddrs
 .data.myTxData
                0x20000008       0x20 Core\Src\main.o
                0x20000008                myTxData
 .data.SystemCoreClock
                0x20000028        0x4 Core\Src\system_stm32f1xx.o
                0x20000028                SystemCoreClock
 .data.uwTickPrio
                0x2000002c        0x4 Drivers\STM32F1xx_HAL_Driver\Src\stm32f1xx_hal.o
                0x2000002c                uwTickPrio
 .data.uwTickFreq
                0x20000030        0x1 Drivers\STM32F1xx_HAL_Driver\Src\stm32f1xx_hal.o
                0x20000030                uwTickFreq
 *fill*         0x20000031        0x3 
 .data._impure_ptr
                0x20000034        0x4 c:/program files (x86)/atollic/truestudio for stm32 9.3.0/armtools/bin/../lib/gcc/arm-atollic-eabi/6.3.1/../../../../arm-atollic-eabi/lib/armv7-m\libc_nano.a(lib_a-impure.o)
                0x20000034                _impure_ptr
 .data.impure_data
                0x20000038       0x60 c:/program files (x86)/atollic/truestudio for stm32 9.3.0/armtools/bin/../lib/gcc/arm-atollic-eabi/6.3.1/../../../../arm-atollic-eabi/lib/armv7-m\libc_nano.a(lib_a-impure.o)
                0x20000098                . = ALIGN (0x4)
                0x20000098                _edata = .

.igot.plt       0x20000098        0x0 load address 0x080045f4
 .igot.plt      0x20000098        0x0 c:/program files (x86)/atollic/truestudio for stm32 9.3.0/armtools/bin/../lib/gcc/arm-atollic-eabi/6.3.1/armv7-m/crtbegin.o
                0x20000098                . = ALIGN (0x4)

.bss            0x20000098      0x170 load address 0x080045f4
                0x20000098                _sbss = .
                0x20000098                __bss_start__ = _sbss
 *(.bss)
 .bss           0x20000098       0x1c c:/program files (x86)/atollic/truestudio for stm32 9.3.0/armtools/bin/../lib/gcc/arm-atollic-eabi/6.3.1/armv7-m/crtbegin.o
 *(.bss*)
 .bss.ack_payload_available
                0x200000b4        0x1 Core\Src\MY_NRF24.o
 .bss.ack_payload_length
                0x200000b5        0x1 Core\Src\MY_NRF24.o
 .bss.payload_size
                0x200000b6        0x1 Core\Src\MY_NRF24.o
 .bss.dynamic_payloads_enabled
                0x200000b7        0x1 Core\Src\MY_NRF24.o
 .bss.wide_band
                0x200000b8        0x1 Core\Src\MY_NRF24.o
 *fill*         0x200000b9        0x3 
 .bss.nrf24_PORT
                0x200000bc        0x4 Core\Src\MY_NRF24.o
 .bss.nrf24_CSN_PIN
                0x200000c0        0x2 Core\Src\MY_NRF24.o
 .bss.nrf24_CE_PIN
                0x200000c2        0x2 Core\Src\MY_NRF24.o
 .bss.nrf24_hspi
                0x200000c4       0x58 Core\Src\MY_NRF24.o
 .bss.nrf24_huart
                0x2000011c       0x40 Core\Src\MY_NRF24.o
 .bss.heap_end.5887
                0x2000015c        0x4 Core\Src\syscalls.o
 .bss.__malloc_free_list
                0x20000160        0x4 c:/program files (x86)/atollic/truestudio for stm32 9.3.0/armtools/bin/../lib/gcc/arm-atollic-eabi/6.3.1/../../../../arm-atollic-eabi/lib/armv7-m\libc_nano.a(lib_a-nano-mallocr.o)
                0x20000160                __malloc_free_list
 .bss.__malloc_sbrk_start
                0x20000164        0x4 c:/program files (x86)/atollic/truestudio for stm32 9.3.0/armtools/bin/../lib/gcc/arm-atollic-eabi/6.3.1/../../../../arm-atollic-eabi/lib/armv7-m\libc_nano.a(lib_a-nano-mallocr.o)
                0x20000164                __malloc_sbrk_start
 *(COMMON)
 COMMON         0x20000168       0x98 Core\Src\main.o
                0x20000168                hspi2
                0x200001c0                huart2
 COMMON         0x20000200        0x4 Drivers\STM32F1xx_HAL_Driver\Src\stm32f1xx_hal.o
                0x20000200                uwTick
 COMMON         0x20000204        0x4 c:/program files (x86)/atollic/truestudio for stm32 9.3.0/armtools/bin/../lib/gcc/arm-atollic-eabi/6.3.1/../../../../arm-atollic-eabi/lib/armv7-m\libc_nano.a(lib_a-reent.o)
                0x20000204                errno
                0x20000208                . = ALIGN (0x4)
                0x20000208                _ebss = .
                0x20000208                __bss_end__ = _ebss

._user_heap_stack
                0x20000208      0x600 load address 0x080045f4
                0x20000208                . = ALIGN (0x4)
                0x20000208                PROVIDE (end, .)
                [!provide]                PROVIDE (_end, .)
                0x20000408                . = (. + _Min_Heap_Size)
 *fill*         0x20000208      0x200 
                0x20000808                . = (. + _Min_Stack_Size)
 *fill*         0x20000408      0x400 
                0x20000808                . = ALIGN (0x4)

/DISCARD/
 libc.a(*)
 libm.a(*)
 libgcc.a(*)

.ARM.attributes
                0x00000000       0x29
 *(.ARM.attributes)
 .ARM.attributes
                0x00000000       0x1d c:/program files (x86)/atollic/truestudio for stm32 9.3.0/armtools/bin/../lib/gcc/arm-atollic-eabi/6.3.1/armv7-m/crti.o
 .ARM.attributes
                0x0000001d       0x2d c:/program files (x86)/atollic/truestudio for stm32 9.3.0/armtools/bin/../lib/gcc/arm-atollic-eabi/6.3.1/armv7-m/crtbegin.o
 .ARM.attributes
                0x0000004a       0x33 Core\Src\MY_NRF24.o
 .ARM.attributes
                0x0000007d       0x33 Core\Src\main.o
 .ARM.attributes
                0x000000b0       0x33 Core\Src\stm32f1xx_hal_msp.o
 .ARM.attributes
                0x000000e3       0x33 Core\Src\stm32f1xx_it.o
 .ARM.attributes
                0x00000116       0x33 Core\Src\syscalls.o
 .ARM.attributes
                0x00000149       0x33 Core\Src\system_stm32f1xx.o
 .ARM.attributes
                0x0000017c       0x33 Drivers\STM32F1xx_HAL_Driver\Src\stm32f1xx_hal.o
 .ARM.attributes
                0x000001af       0x33 Drivers\STM32F1xx_HAL_Driver\Src\stm32f1xx_hal_cortex.o
 .ARM.attributes
                0x000001e2       0x33 Drivers\STM32F1xx_HAL_Driver\Src\stm32f1xx_hal_gpio.o
 .ARM.attributes
                0x00000215       0x33 Drivers\STM32F1xx_HAL_Driver\Src\stm32f1xx_hal_rcc.o
 .ARM.attributes
                0x00000248       0x33 Drivers\STM32F1xx_HAL_Driver\Src\stm32f1xx_hal_spi.o
 .ARM.attributes
                0x0000027b       0x33 Drivers\STM32F1xx_HAL_Driver\Src\stm32f1xx_hal_uart.o
 .ARM.attributes
                0x000002ae       0x21 startup\startup_stm32f103xb.o
 .ARM.attributes
                0x000002cf       0x2d c:/program files (x86)/atollic/truestudio for stm32 9.3.0/armtools/bin/../lib/gcc/arm-atollic-eabi/6.3.1/../../../../arm-atollic-eabi/lib/armv7-m\libc_nano.a(lib_a-errno.o)
 .ARM.attributes
                0x000002fc       0x2d c:/program files (x86)/atollic/truestudio for stm32 9.3.0/armtools/bin/../lib/gcc/arm-atollic-eabi/6.3.1/../../../../arm-atollic-eabi/lib/armv7-m\libc_nano.a(lib_a-impure.o)
 .ARM.attributes
                0x00000329       0x2d c:/program files (x86)/atollic/truestudio for stm32 9.3.0/armtools/bin/../lib/gcc/arm-atollic-eabi/6.3.1/../../../../arm-atollic-eabi/lib/armv7-m\libc_nano.a(lib_a-init.o)
 .ARM.attributes
                0x00000356       0x2d c:/program files (x86)/atollic/truestudio for stm32 9.3.0/armtools/bin/../lib/gcc/arm-atollic-eabi/6.3.1/../../../../arm-atollic-eabi/lib/armv7-m\libc_nano.a(lib_a-memcpy-stub.o)
 .ARM.attributes
                0x00000383       0x2d c:/program files (x86)/atollic/truestudio for stm32 9.3.0/armtools/bin/../lib/gcc/arm-atollic-eabi/6.3.1/../../../../arm-atollic-eabi/lib/armv7-m\libc_nano.a(lib_a-memset.o)
 .ARM.attributes
                0x000003b0       0x2d c:/program files (x86)/atollic/truestudio for stm32 9.3.0/armtools/bin/../lib/gcc/arm-atollic-eabi/6.3.1/../../../../arm-atollic-eabi/lib/armv7-m\libc_nano.a(lib_a-sprintf.o)
 .ARM.attributes
                0x000003dd       0x17 c:/program files (x86)/atollic/truestudio for stm32 9.3.0/armtools/bin/../lib/gcc/arm-atollic-eabi/6.3.1/../../../../arm-atollic-eabi/lib/armv7-m\libc_nano.a(lib_a-strlen.o)
 .ARM.attributes
                0x000003f4       0x2d c:/program files (x86)/atollic/truestudio for stm32 9.3.0/armtools/bin/../lib/gcc/arm-atollic-eabi/6.3.1/../../../../arm-atollic-eabi/lib/armv7-m\libc_nano.a(lib_a-nano-svfprintf.o)
 .ARM.attributes
                0x00000421       0x2d c:/program files (x86)/atollic/truestudio for stm32 9.3.0/armtools/bin/../lib/gcc/arm-atollic-eabi/6.3.1/../../../../arm-atollic-eabi/lib/armv7-m\libc_nano.a(lib_a-nano-vfprintf_i.o)
 .ARM.attributes
                0x0000044e       0x2d c:/program files (x86)/atollic/truestudio for stm32 9.3.0/armtools/bin/../lib/gcc/arm-atollic-eabi/6.3.1/../../../../arm-atollic-eabi/lib/armv7-m\libc_nano.a(lib_a-memchr-stub.o)
 .ARM.attributes
                0x0000047b       0x2d c:/program files (x86)/atollic/truestudio for stm32 9.3.0/armtools/bin/../lib/gcc/arm-atollic-eabi/6.3.1/../../../../arm-atollic-eabi/lib/armv7-m\libc_nano.a(lib_a-memmove.o)
 .ARM.attributes
                0x000004a8       0x2d c:/program files (x86)/atollic/truestudio for stm32 9.3.0/armtools/bin/../lib/gcc/arm-atollic-eabi/6.3.1/../../../../arm-atollic-eabi/lib/armv7-m\libc_nano.a(lib_a-nano-freer.o)
 .ARM.attributes
                0x000004d5       0x2d c:/program files (x86)/atollic/truestudio for stm32 9.3.0/armtools/bin/../lib/gcc/arm-atollic-eabi/6.3.1/../../../../arm-atollic-eabi/lib/armv7-m\libc_nano.a(lib_a-nano-mallocr.o)
 .ARM.attributes
                0x00000502       0x2d c:/program files (x86)/atollic/truestudio for stm32 9.3.0/armtools/bin/../lib/gcc/arm-atollic-eabi/6.3.1/../../../../arm-atollic-eabi/lib/armv7-m\libc_nano.a(lib_a-nano-reallocr.o)
 .ARM.attributes
                0x0000052f       0x2d c:/program files (x86)/atollic/truestudio for stm32 9.3.0/armtools/bin/../lib/gcc/arm-atollic-eabi/6.3.1/../../../../arm-atollic-eabi/lib/armv7-m\libc_nano.a(lib_a-sbrkr.o)
 .ARM.attributes
                0x0000055c       0x2d c:/program files (x86)/atollic/truestudio for stm32 9.3.0/armtools/bin/../lib/gcc/arm-atollic-eabi/6.3.1/../../../../arm-atollic-eabi/lib/armv7-m\libc_nano.a(lib_a-mlock.o)
 .ARM.attributes
                0x00000589       0x2d c:/program files (x86)/atollic/truestudio for stm32 9.3.0/armtools/bin/../lib/gcc/arm-atollic-eabi/6.3.1/../../../../arm-atollic-eabi/lib/armv7-m\libc_nano.a(lib_a-nano-msizer.o)
 .ARM.attributes
                0x000005b6       0x2d c:/program files (x86)/atollic/truestudio for stm32 9.3.0/armtools/bin/../lib/gcc/arm-atollic-eabi/6.3.1/../../../../arm-atollic-eabi/lib/armv7-m\libc_nano.a(lib_a-reent.o)
 .ARM.attributes
                0x000005e3       0x1d c:/program files (x86)/atollic/truestudio for stm32 9.3.0/armtools/bin/../lib/gcc/arm-atollic-eabi/6.3.1/armv7-m/crtn.o
OUTPUT(STM103_RX.elf elf32-littlearm)

.debug_info     0x00000000     0x98fe
 .debug_info    0x00000000     0x1d09 Core\Src\MY_NRF24.o
 .debug_info    0x00001d09     0x141b Core\Src\main.o
 .debug_info    0x00003124      0xb0b Core\Src\stm32f1xx_hal_msp.o
 .debug_info    0x00003c2f      0x20c Core\Src\stm32f1xx_it.o
 .debug_info    0x00003e3b      0xf16 Core\Src\syscalls.o
 .debug_info    0x00004d51      0x29b Core\Src\system_stm32f1xx.o
 .debug_info    0x00004fec      0x714 Drivers\STM32F1xx_HAL_Driver\Src\stm32f1xx_hal.o
 .debug_info    0x00005700      0xb52 Drivers\STM32F1xx_HAL_Driver\Src\stm32f1xx_hal_cortex.o
 .debug_info    0x00006252      0x69b Drivers\STM32F1xx_HAL_Driver\Src\stm32f1xx_hal_gpio.o
 .debug_info    0x000068ed      0x80e Drivers\STM32F1xx_HAL_Driver\Src\stm32f1xx_hal_rcc.o
 .debug_info    0x000070fb     0x156f Drivers\STM32F1xx_HAL_Driver\Src\stm32f1xx_hal_spi.o
 .debug_info    0x0000866a     0x1218 Drivers\STM32F1xx_HAL_Driver\Src\stm32f1xx_hal_uart.o
 .debug_info    0x00009882       0x7c startup\startup_stm32f103xb.o

.debug_abbrev   0x00000000     0x186a
 .debug_abbrev  0x00000000      0x31a Core\Src\MY_NRF24.o
 .debug_abbrev  0x0000031a      0x253 Core\Src\main.o
 .debug_abbrev  0x0000056d      0x187 Core\Src\stm32f1xx_hal_msp.o
 .debug_abbrev  0x000006f4       0xc1 Core\Src\stm32f1xx_it.o
 .debug_abbrev  0x000007b5      0x271 Core\Src\syscalls.o
 .debug_abbrev  0x00000a26      0x12f Core\Src\system_stm32f1xx.o
 .debug_abbrev  0x00000b55      0x1c2 Drivers\STM32F1xx_HAL_Driver\Src\stm32f1xx_hal.o
 .debug_abbrev  0x00000d17      0x2d0 Drivers\STM32F1xx_HAL_Driver\Src\stm32f1xx_hal_cortex.o
 .debug_abbrev  0x00000fe7      0x1bb Drivers\STM32F1xx_HAL_Driver\Src\stm32f1xx_hal_gpio.o
 .debug_abbrev  0x000011a2      0x23e Drivers\STM32F1xx_HAL_Driver\Src\stm32f1xx_hal_rcc.o
 .debug_abbrev  0x000013e0      0x23b Drivers\STM32F1xx_HAL_Driver\Src\stm32f1xx_hal_spi.o
 .debug_abbrev  0x0000161b      0x23d Drivers\STM32F1xx_HAL_Driver\Src\stm32f1xx_hal_uart.o
 .debug_abbrev  0x00001858       0x12 startup\startup_stm32f103xb.o

.debug_aranges  0x00000000      0xa20
 .debug_aranges
                0x00000000      0x1d0 Core\Src\MY_NRF24.o
 .debug_aranges
                0x000001d0       0x48 Core\Src\main.o
 .debug_aranges
                0x00000218       0x40 Core\Src\stm32f1xx_hal_msp.o
 .debug_aranges
                0x00000258       0x60 Core\Src\stm32f1xx_it.o
 .debug_aranges
                0x000002b8       0xb0 Core\Src\syscalls.o
 .debug_aranges
                0x00000368       0x28 Core\Src\system_stm32f1xx.o
 .debug_aranges
                0x00000390       0xe0 Drivers\STM32F1xx_HAL_Driver\Src\stm32f1xx_hal.o
 .debug_aranges
                0x00000470      0x100 Drivers\STM32F1xx_HAL_Driver\Src\stm32f1xx_hal_cortex.o
 .debug_aranges
                0x00000570       0x58 Drivers\STM32F1xx_HAL_Driver\Src\stm32f1xx_hal_gpio.o
 .debug_aranges
                0x000005c8       0x90 Drivers\STM32F1xx_HAL_Driver\Src\stm32f1xx_hal_rcc.o
 .debug_aranges
                0x00000658      0x1d0 Drivers\STM32F1xx_HAL_Driver\Src\stm32f1xx_hal_spi.o
 .debug_aranges
                0x00000828      0x1d0 Drivers\STM32F1xx_HAL_Driver\Src\stm32f1xx_hal_uart.o
 .debug_aranges
                0x000009f8       0x28 startup\startup_stm32f103xb.o

.debug_ranges   0x00000000      0x958
 .debug_ranges  0x00000000      0x1c0 Core\Src\MY_NRF24.o
 .debug_ranges  0x000001c0       0x38 Core\Src\main.o
 .debug_ranges  0x000001f8       0x30 Core\Src\stm32f1xx_hal_msp.o
 .debug_ranges  0x00000228       0x50 Core\Src\stm32f1xx_it.o
 .debug_ranges  0x00000278       0xa0 Core\Src\syscalls.o
 .debug_ranges  0x00000318       0x18 Core\Src\system_stm32f1xx.o
 .debug_ranges  0x00000330       0xd0 Drivers\STM32F1xx_HAL_Driver\Src\stm32f1xx_hal.o
 .debug_ranges  0x00000400       0xf0 Drivers\STM32F1xx_HAL_Driver\Src\stm32f1xx_hal_cortex.o
 .debug_ranges  0x000004f0       0x48 Drivers\STM32F1xx_HAL_Driver\Src\stm32f1xx_hal_gpio.o
 .debug_ranges  0x00000538       0x80 Drivers\STM32F1xx_HAL_Driver\Src\stm32f1xx_hal_rcc.o
 .debug_ranges  0x000005b8      0x1c0 Drivers\STM32F1xx_HAL_Driver\Src\stm32f1xx_hal_spi.o
 .debug_ranges  0x00000778      0x1c0 Drivers\STM32F1xx_HAL_Driver\Src\stm32f1xx_hal_uart.o
 .debug_ranges  0x00000938       0x20 startup\startup_stm32f103xb.o

.debug_line     0x00000000     0x4253
 .debug_line    0x00000000      0x94a Core\Src\MY_NRF24.o
 .debug_line    0x0000094a      0x455 Core\Src\main.o
 .debug_line    0x00000d9f      0x2c2 Core\Src\stm32f1xx_hal_msp.o
 .debug_line    0x00001061      0x26f Core\Src\stm32f1xx_it.o
 .debug_line    0x000012d0      0x3dd Core\Src\syscalls.o
 .debug_line    0x000016ad      0x22b Core\Src\system_stm32f1xx.o
 .debug_line    0x000018d8      0x3e6 Drivers\STM32F1xx_HAL_Driver\Src\stm32f1xx_hal.o
 .debug_line    0x00001cbe      0x4b6 Drivers\STM32F1xx_HAL_Driver\Src\stm32f1xx_hal_cortex.o
 .debug_line    0x00002174      0x3fa Drivers\STM32F1xx_HAL_Driver\Src\stm32f1xx_hal_gpio.o
 .debug_line    0x0000256e      0x4fe Drivers\STM32F1xx_HAL_Driver\Src\stm32f1xx_hal_rcc.o
 .debug_line    0x00002a6c      0xc08 Drivers\STM32F1xx_HAL_Driver\Src\stm32f1xx_hal_spi.o
 .debug_line    0x00003674      0xb62 Drivers\STM32F1xx_HAL_Driver\Src\stm32f1xx_hal_uart.o
 .debug_line    0x000041d6       0x7d startup\startup_stm32f103xb.o

.debug_str      0x00000000     0x2ea8
 .debug_str     0x00000000     0x11ad Core\Src\MY_NRF24.o
                               0x1338 (size before relaxing)
 .debug_str     0x000011ad      0x23a Core\Src\main.o
                                0xe52 (size before relaxing)
 .debug_str     0x000013e7       0xa0 Core\Src\stm32f1xx_hal_msp.o
                                0x8b5 (size before relaxing)
 .debug_str     0x00001487       0xab Core\Src\stm32f1xx_it.o
                                0x30d (size before relaxing)
 .debug_str     0x00001532      0x22f Core\Src\syscalls.o
                                0x83a (size before relaxing)
 .debug_str     0x00001761       0x52 Core\Src\system_stm32f1xx.o
                                0x2f9 (size before relaxing)
 .debug_str     0x000017b3      0x538 Drivers\STM32F1xx_HAL_Driver\Src\stm32f1xx_hal.o
                                0x831 (size before relaxing)
 .debug_str     0x00001ceb      0x400 Drivers\STM32F1xx_HAL_Driver\Src\stm32f1xx_hal_cortex.o
                                0x992 (size before relaxing)
 .debug_str     0x000020eb      0x14a Drivers\STM32F1xx_HAL_Driver\Src\stm32f1xx_hal_gpio.o
                                0x4e3 (size before relaxing)
 .debug_str     0x00002235      0x21a Drivers\STM32F1xx_HAL_Driver\Src\stm32f1xx_hal_rcc.o
                                0x69e (size before relaxing)
 .debug_str     0x0000244f      0x535 Drivers\STM32F1xx_HAL_Driver\Src\stm32f1xx_hal_spi.o
                                0xbe5 (size before relaxing)
 .debug_str     0x00002984      0x524 Drivers\STM32F1xx_HAL_Driver\Src\stm32f1xx_hal_uart.o
                                0xbfc (size before relaxing)

.comment        0x00000000       0x7c
 .comment       0x00000000       0x7c Core\Src\MY_NRF24.o
                                 0x7d (size before relaxing)
 .comment       0x0000007c       0x7d Core\Src\main.o
 .comment       0x0000007c       0x7d Core\Src\stm32f1xx_hal_msp.o
 .comment       0x0000007c       0x7d Core\Src\stm32f1xx_it.o
 .comment       0x0000007c       0x7d Core\Src\syscalls.o
 .comment       0x0000007c       0x7d Core\Src\system_stm32f1xx.o
 .comment       0x0000007c       0x7d Drivers\STM32F1xx_HAL_Driver\Src\stm32f1xx_hal.o
 .comment       0x0000007c       0x7d Drivers\STM32F1xx_HAL_Driver\Src\stm32f1xx_hal_cortex.o
 .comment       0x0000007c       0x7d Drivers\STM32F1xx_HAL_Driver\Src\stm32f1xx_hal_gpio.o
 .comment       0x0000007c       0x7d Drivers\STM32F1xx_HAL_Driver\Src\stm32f1xx_hal_rcc.o
 .comment       0x0000007c       0x7d Drivers\STM32F1xx_HAL_Driver\Src\stm32f1xx_hal_spi.o
 .comment       0x0000007c       0x7d Drivers\STM32F1xx_HAL_Driver\Src\stm32f1xx_hal_uart.o

.debug_frame    0x00000000     0x2c38
 .debug_frame   0x00000000      0x798 Core\Src\MY_NRF24.o
 .debug_frame   0x00000798       0xcc Core\Src\main.o
 .debug_frame   0x00000864       0xc8 Core\Src\stm32f1xx_hal_msp.o
 .debug_frame   0x0000092c      0x104 Core\Src\stm32f1xx_it.o
 .debug_frame   0x00000a30      0x2d4 Core\Src\syscalls.o
 .debug_frame   0x00000d04       0x58 Core\Src\system_stm32f1xx.o
 .debug_frame   0x00000d5c      0x334 Drivers\STM32F1xx_HAL_Driver\Src\stm32f1xx_hal.o
 .debug_frame   0x00001090      0x428 Drivers\STM32F1xx_HAL_Driver\Src\stm32f1xx_hal_cortex.o
 .debug_frame   0x000014b8      0x14c Drivers\STM32F1xx_HAL_Driver\Src\stm32f1xx_hal_gpio.o
 .debug_frame   0x00001604      0x21c Drivers\STM32F1xx_HAL_Driver\Src\stm32f1xx_hal_rcc.o
 .debug_frame   0x00001820      0x824 Drivers\STM32F1xx_HAL_Driver\Src\stm32f1xx_hal_spi.o
 .debug_frame   0x00002044      0x838 Drivers\STM32F1xx_HAL_Driver\Src\stm32f1xx_hal_uart.o
 .debug_frame   0x0000287c       0x20 c:/program files (x86)/atollic/truestudio for stm32 9.3.0/armtools/bin/../lib/gcc/arm-atollic-eabi/6.3.1/../../../../arm-atollic-eabi/lib/armv7-m\libc_nano.a(lib_a-errno.o)
 .debug_frame   0x0000289c       0x2c c:/program files (x86)/atollic/truestudio for stm32 9.3.0/armtools/bin/../lib/gcc/arm-atollic-eabi/6.3.1/../../../../arm-atollic-eabi/lib/armv7-m\libc_nano.a(lib_a-init.o)
 .debug_frame   0x000028c8       0x28 c:/program files (x86)/atollic/truestudio for stm32 9.3.0/armtools/bin/../lib/gcc/arm-atollic-eabi/6.3.1/../../../../arm-atollic-eabi/lib/armv7-m\libc_nano.a(lib_a-memcpy-stub.o)
 .debug_frame   0x000028f0       0x20 c:/program files (x86)/atollic/truestudio for stm32 9.3.0/armtools/bin/../lib/gcc/arm-atollic-eabi/6.3.1/../../../../arm-atollic-eabi/lib/armv7-m\libc_nano.a(lib_a-memset.o)
 .debug_frame   0x00002910       0x70 c:/program files (x86)/atollic/truestudio for stm32 9.3.0/armtools/bin/../lib/gcc/arm-atollic-eabi/6.3.1/../../../../arm-atollic-eabi/lib/armv7-m\libc_nano.a(lib_a-sprintf.o)
 .debug_frame   0x00002980       0x90 c:/program files (x86)/atollic/truestudio for stm32 9.3.0/armtools/bin/../lib/gcc/arm-atollic-eabi/6.3.1/../../../../arm-atollic-eabi/lib/armv7-m\libc_nano.a(lib_a-nano-svfprintf.o)
 .debug_frame   0x00002a10       0x60 c:/program files (x86)/atollic/truestudio for stm32 9.3.0/armtools/bin/../lib/gcc/arm-atollic-eabi/6.3.1/../../../../arm-atollic-eabi/lib/armv7-m\libc_nano.a(lib_a-nano-vfprintf_i.o)
 .debug_frame   0x00002a70       0x28 c:/program files (x86)/atollic/truestudio for stm32 9.3.0/armtools/bin/../lib/gcc/arm-atollic-eabi/6.3.1/../../../../arm-atollic-eabi/lib/armv7-m\libc_nano.a(lib_a-memchr-stub.o)
 .debug_frame   0x00002a98       0x28 c:/program files (x86)/atollic/truestudio for stm32 9.3.0/armtools/bin/../lib/gcc/arm-atollic-eabi/6.3.1/../../../../arm-atollic-eabi/lib/armv7-m\libc_nano.a(lib_a-memmove.o)
 .debug_frame   0x00002ac0       0x38 c:/program files (x86)/atollic/truestudio for stm32 9.3.0/armtools/bin/../lib/gcc/arm-atollic-eabi/6.3.1/../../../../arm-atollic-eabi/lib/armv7-m\libc_nano.a(lib_a-nano-freer.o)
 .debug_frame   0x00002af8       0x2c c:/program files (x86)/atollic/truestudio for stm32 9.3.0/armtools/bin/../lib/gcc/arm-atollic-eabi/6.3.1/../../../../arm-atollic-eabi/lib/armv7-m\libc_nano.a(lib_a-nano-mallocr.o)
 .debug_frame   0x00002b24       0x3c c:/program files (x86)/atollic/truestudio for stm32 9.3.0/armtools/bin/../lib/gcc/arm-atollic-eabi/6.3.1/../../../../arm-atollic-eabi/lib/armv7-m\libc_nano.a(lib_a-nano-reallocr.o)
 .debug_frame   0x00002b60       0x2c c:/program files (x86)/atollic/truestudio for stm32 9.3.0/armtools/bin/../lib/gcc/arm-atollic-eabi/6.3.1/../../../../arm-atollic-eabi/lib/armv7-m\libc_nano.a(lib_a-sbrkr.o)
 .debug_frame   0x00002b8c       0x30 c:/program files (x86)/atollic/truestudio for stm32 9.3.0/armtools/bin/../lib/gcc/arm-atollic-eabi/6.3.1/../../../../arm-atollic-eabi/lib/armv7-m\libc_nano.a(lib_a-mlock.o)
 .debug_frame   0x00002bbc       0x20 c:/program files (x86)/atollic/truestudio for stm32 9.3.0/armtools/bin/../lib/gcc/arm-atollic-eabi/6.3.1/../../../../arm-atollic-eabi/lib/armv7-m\libc_nano.a(lib_a-nano-msizer.o)
 .debug_frame   0x00002bdc       0x5c c:/program files (x86)/atollic/truestudio for stm32 9.3.0/armtools/bin/../lib/gcc/arm-atollic-eabi/6.3.1/../../../../arm-atollic-eabi/lib/armv7-m\libc_nano.a(lib_a-reent.o)
